{
  "Report": "/dev/sda1:\n          Magic : a92b4efc\n        Version : 0.90.00\n           UUID : 82ca73c6:644ccaa7:9d4deba6:47ca997f\n  Creation Time : Sat Apr 21 06:56:49 2012\n     Raid Level : raid1\n  Used Dev Size : 524224 (511.94 MiB 536.81 MB)\n     Array Size : 524224 (511.94 MiB 536.81 MB)\n   Raid Devices : 2\n  Total Devices : 2\nPreferred Minor : 1\n\n    Update Time : Sun Sep 23 08:56:58 2018\n          State : clean\n Active Devices : 2\nWorking Devices : 2\n Failed Devices : 0\n  Spare Devices : 0\n       Checksum : 209cb36e - correct\n         Events : 5271\n\n\n      Number   Major   Minor   RaidDevice State\nthis     0       8        1        0      active sync   /dev/sda1\n\n   0     0       8        1        0      active sync   /dev/sda1\n   1     1       8       17        1      active sync   /dev/sdb1\n",
  "Nodes": [
    {
      "Device Name": "/dev/sda1",
      "Magic": "a92b4efc",
      "Version": "0.90.00",
      "UUID": "82ca73c6:644ccaa7:9d4deba6:47ca997f",
      "Creation Time": "Sat Apr 21 06:56:49 2012",
      "Raid Level": "raid1",
      "Used Dev Size": "524224 (511.94 MiB 536.81 MB)",
      "Array Size": "524224 (511.94 MiB 536.81 MB)",
      "Raid Devices": "2",
      "Total Devices": "2",
      "Preferred Minor": "1",
      "Update Time": "Sun Sep 23 08:56:58 2018",
      "State": "clean",
      "Active Devices": "2",
      "Working Devices": "2",
      "Failed Devices": "0",
      "Spare Devices": "0",
      "Checksum": "209cb36e - correct",
      "Events": "5271",
      "Device List": [
        {
          "Ord": "this",
          "Number": "0",
          "Major": "8",
          "Minor": "1",
          "RaidDevice": "0",
          "State": [
            "active",
            "sync"
          ],
          "Device": "/dev/sda1"
        },
        {
          "Ord": "0",
          "Number": "0",
          "Major": "8",
          "Minor": "1",
          "RaidDevice": "0",
          "State": [
            "active",
            "sync"
          ],
          "Device": "/dev/sda1"
        },
        {
          "Ord": "1",
          "Number": "1",
          "Major": "8",
          "Minor": "17",
          "RaidDevice": "1",
          "State": [
            "active",
            "sync"
          ],
          "Device": "/dev/sdb1"
        }
      ]
    }
  ]
}