{
  "report": "/dev/sda1:\n          Magic : a92b4efc\n        Version : 0.90.00\n           UUID : 82ca73c6:644ccaa7:9d4deba6:47ca997f\n  Creation Time : Sat Apr 21 06:56:49 2012\n     Raid Level : raid1\n  Used Dev Size : 524224 (511.94 MiB 536.81 MB)\n     Array Size : 524224 (511.94 MiB 536.81 MB)\n   Raid Devices : 2\n  Total Devices : 2\nPreferred Minor : 1\n\n    Update Time : Sun Sep 23 08:56:58 2018\n          State : clean\n Active Devices : 2\nWorking Devices : 2\n Failed Devices : 0\n  Spare Devices : 0\n       Checksum : 209cb36e - correct\n         Events : 5271\n\n\n      Number   Major   Minor   RaidDevice State\nthis     0       8        1        0      active sync   /dev/sda1\n\n   0     0       8        1        0      active sync   /dev/sda1\n   1     1       8       17        1      active sync   /dev/sdb1\n/dev/sdb1:\n          Magic : a92b4efc\n        Version : 0.90.00\n           UUID : 82ca73c6:644ccaa7:9d4deba6:47ca997f\n  Creation Time : Sat Apr 21 06:56:49 2012\n     Raid Level : raid1\n  Used Dev Size : 524224 (511.94 MiB 536.81 MB)\n     Array Size : 524224 (511.94 MiB 536.81 MB)\n   Raid Devices : 2\n  Total Devices : 2\nPreferred Minor : 1\n\n    Update Time : Sun Sep 23 08:56:58 2018\n          State : clean\n Active Devices : 2\nWorking Devices : 2\n Failed Devices : 0\n  Spare Devices : 0\n       Checksum : 209cb380 - correct\n         Events : 5271\n\n\n      Number   Major   Minor   RaidDevice State\nthis     1       8       17        1      active sync   /dev/sdb1\n\n   0     0       8        1        0      active sync   /dev/sda1\n   1     1       8       17        1      active sync   /dev/sdb1\n/dev/sda6:\n          Magic : a92b4efc\n        Version : 1.2\n    Feature Map : 0x0\n     Array UUID : d1caa66e:095cd84f:ecb540e2:d0e6191b\n           Name : debian:6\n  Creation Time : Sat Apr 21 06:57:45 2012\n     Raid Level : raid1\n   Raid Devices : 2\n\n Avail Dev Size : 134215680 (64.00 GiB 68.72 GB)\n     Array Size : 67107768 (64.00 GiB 68.72 GB)\n  Used Dev Size : 134215536 (64.00 GiB 68.72 GB)\n    Data Offset : 2048 sectors\n   Super Offset : 8 sectors\n   Unused Space : before=1960 sectors, after=144 sectors\n          State : clean\n    Device UUID : 32b97917:360284fb:ec0a3034:fa3bc4db\n\n    Update Time : Sun Sep 23 12:13:36 2018\n  Bad Block Log : 512 entries available at offset 72 sectors\n       Checksum : e2d76b3f - correct\n         Events : 58294\n\n\n   Device Role : Active device 0\n   Array State : AA ('A' == active, '.' == missing, 'R' == replacing)\n/dev/sdb6:\n          Magic : a92b4efc\n        Version : 1.2\n    Feature Map : 0x0\n     Array UUID : d1caa66e:095cd84f:ecb540e2:d0e6191b\n           Name : debian:6\n  Creation Time : Sat Apr 21 06:57:45 2012\n     Raid Level : raid1\n   Raid Devices : 2\n\n Avail Dev Size : 134215680 (64.00 GiB 68.72 GB)\n     Array Size : 67107768 (64.00 GiB 68.72 GB)\n  Used Dev Size : 134215536 (64.00 GiB 68.72 GB)\n    Data Offset : 2048 sectors\n   Super Offset : 8 sectors\n   Unused Space : before=1960 sectors, after=144 sectors\n          State : clean\n    Device UUID : 56bfafd2:057a91a8:9b03b0dd:d448b7a3\n\n    Update Time : Sun Sep 23 12:13:36 2018\n  Bad Block Log : 512 entries available at offset 72 sectors\n       Checksum : bc8deebd - correct\n         Events : 58294\n\n\n   Device Role : Active device 1\n   Array State : AA ('A' == active, '.' == missing, 'R' == replacing)\n",
  "nodes": [
    {
      "device_name": "/dev/sda1",
      "magic": "a92b4efc",
      "version": "0.90.00",
      "uuid": "82ca73c6:644ccaa7:9d4deba6:47ca997f",
      "creation_time": "Sat Apr 21 06:56:49 2012",
      "raid_level": "raid1",
      "used_dev_size": "524224 (511.94 MiB 536.81 MB)",
      "array_size": "524224 (511.94 MiB 536.81 MB)",
      "raid_devices": 2,
      "total_devices": 2,
      "preferred_minor": 1,
      "update_time": "Sun Sep 23 08:56:58 2018",
      "state": "clean",
      "active_devices": 2,
      "working_devices": 2,
      "failed_devices": 0,
      "spare_devices": 0,
      "checksum": "209cb36e - correct",
      "events": 5271,
      "device_list": [
        {
          "ord": "this",
          "number": 0,
          "major": 8,
          "minor": 1,
          "raid_device": 0,
          "state": [
            "active",
            "sync"
          ],
          "device": "/dev/sda1"
        },
        {
          "ord": 0,
          "number": 0,
          "major": 8,
          "minor": 1,
          "raid_device": 0,
          "state": [
            "active",
            "sync"
          ],
          "device": "/dev/sda1"
        },
        {
          "ord": 1,
          "number": 1,
          "major": 8,
          "minor": 17,
          "raid_device": 1,
          "state": [
            "active",
            "sync"
          ],
          "device": "/dev/sdb1"
        }
      ]
    },
    {
      "device_name": "/dev/sdb1",
      "magic": "a92b4efc",
      "version": "0.90.00",
      "uuid": "82ca73c6:644ccaa7:9d4deba6:47ca997f",
      "creation_time": "Sat Apr 21 06:56:49 2012",
      "raid_level": "raid1",
      "used_dev_size": "524224 (511.94 MiB 536.81 MB)",
      "array_size": "524224 (511.94 MiB 536.81 MB)",
      "raid_devices": 2,
      "total_devices": 2,
      "preferred_minor": 1,
      "update_time": "Sun Sep 23 08:56:58 2018",
      "state": "clean",
      "active_devices": 2,
      "working_devices": 2,
      "failed_devices": 0,
      "spare_devices": 0,
      "checksum": "209cb380 - correct",
      "events": 5271,
      "device_list": [
        {
          "ord": "this",
          "number": 1,
          "major": 8,
          "minor": 17,
          "raid_device": 1,
          "state": [
            "active",
            "sync"
          ],
          "device": "/dev/sdb1"
        },
        {
          "ord": 0,
          "number": 0,
          "major": 8,
          "minor": 1,
          "raid_device": 0,
          "state": [
            "active",
            "sync"
          ],
          "device": "/dev/sda1"
        },
        {
          "ord": 1,
          "number": 1,
          "major": 8,
          "minor": 17,
          "raid_device": 1,
          "state": [
            "active",
            "sync"
          ],
          "device": "/dev/sdb1"
        }
      ]
    },
    {
      "device_name": "/dev/sda6",
      "magic": "a92b4efc",
      "version": "1.2",
      "feature_map": 0,
      "array_uuid": "d1caa66e:095cd84f:ecb540e2:d0e6191b",
      "name": "debian:6",
      "creation_time": "Sat Apr 21 06:57:45 2012",
      "raid_level": "raid1",
      "raid_devices": 2,
      "avail_dev_size": "134215680 (64.00 GiB 68.72 GB)",
      "array_size": "67107768 (64.00 GiB 68.72 GB)",
      "used_dev_size": "134215536 (64.00 GiB 68.72 GB)",
      "data_offset": "2048 sectors",
      "super_offset": "8 sectors",
      "unused_space": "before=1960 sectors, after=144 sectors",
      "state": "clean",
      "device_uuid": "32b97917:360284fb:ec0a3034:fa3bc4db",
      "update_time": "Sun Sep 23 12:13:36 2018",
      "bad_block_log": "512 entries available at offset 72 sectors",
      "checksum": "e2d76b3f - correct",
      "events": 58294,
      "device_role": "Active device 0",
      "array_state": "AA ('A' == active, '.' == missing, 'R' == replacing)"
    },
    {
      "device_name": "/dev/sdb6",
      "magic": "a92b4efc",
      "version": "1.2",
      "feature_map": 0,
      "array_uuid": "d1caa66e:095cd84f:ecb540e2:d0e6191b",
      "name": "debian:6",
      "creation_time": "Sat Apr 21 06:57:45 2012",
      "raid_level": "raid1",
      "raid_devices": 2,
      "avail_dev_size": "134215680 (64.00 GiB 68.72 GB)",
      "array_size": "67107768 (64.00 GiB 68.72 GB)",
      "used_dev_size": "134215536 (64.00 GiB 68.72 GB)",
      "data_offset": "2048 sectors",
      "super_offset": "8 sectors",
      "unused_space": "before=1960 sectors, after=144 sectors",
      "state": "clean",
      "device_uuid": "56bfafd2:057a91a8:9b03b0dd:d448b7a3",
      "update_time": "Sun Sep 23 12:13:36 2018",
      "bad_block_log": "512 entries available at offset 72 sectors",
      "checksum": "bc8deebd - correct",
      "events": 58294,
      "device_role": "Active device 1",
      "array_state": "AA ('A' == active, '.' == missing, 'R' == replacing)"
    }
  ]
}
