{
  "Report": "/dev/sda1:\n          Magic : a92b4efc\n        Version : 0.90.00\n           UUID : 82ca73c6:644ccaa7:9d4deba6:47ca997f\n  Creation Time : Sat Apr 21 06:56:49 2012\n     Raid Level : raid1\n  Used Dev Size : 524224 (511.94 MiB 536.81 MB)\n     Array Size : 524224 (511.94 MiB 536.81 MB)\n   Raid Devices : 2\n  Total Devices : 2\nPreferred Minor : 1\n\n    Update Time : Sun Sep 23 08:56:58 2018\n          State : clean\n Active Devices : 2\nWorking Devices : 2\n Failed Devices : 0\n  Spare Devices : 0\n       Checksum : 209cb36e - correct\n         Events : 5271\n\n\n      Number   Major   Minor   RaidDevice State\nthis     0       8        1        0      active sync   /dev/sda1\n\n   0     0       8        1        0      active sync   /dev/sda1\n   1     1       8       17        1      active sync   /dev/sdb1\n/dev/sdb1:\n          Magic : a92b4efc\n        Version : 0.90.00\n           UUID : 82ca73c6:644ccaa7:9d4deba6:47ca997f\n  Creation Time : Sat Apr 21 06:56:49 2012\n     Raid Level : raid1\n  Used Dev Size : 524224 (511.94 MiB 536.81 MB)\n     Array Size : 524224 (511.94 MiB 536.81 MB)\n   Raid Devices : 2\n  Total Devices : 2\nPreferred Minor : 1\n\n    Update Time : Sun Sep 23 08:56:58 2018\n          State : clean\n Active Devices : 2\nWorking Devices : 2\n Failed Devices : 0\n  Spare Devices : 0\n       Checksum : 209cb380 - correct\n         Events : 5271\n\n\n      Number   Major   Minor   RaidDevice State\nthis     1       8       17        1      active sync   /dev/sdb1\n\n   0     0       8        1        0      active sync   /dev/sda1\n   1     1       8       17        1      active sync   /dev/sdb1\n/dev/sda6:\n          Magic : a92b4efc\n        Version : 1.2\n    Feature Map : 0x0\n     Array UUID : d1caa66e:095cd84f:ecb540e2:d0e6191b\n           Name : debian:6\n  Creation Time : Sat Apr 21 06:57:45 2012\n     Raid Level : raid1\n   Raid Devices : 2\n\n Avail Dev Size : 134215680 (64.00 GiB 68.72 GB)\n     Array Size : 67107768 (64.00 GiB 68.72 GB)\n  Used Dev Size : 134215536 (64.00 GiB 68.72 GB)\n    Data Offset : 2048 sectors\n   Super Offset : 8 sectors\n   Unused Space : before=1960 sectors, after=144 sectors\n          State : clean\n    Device UUID : 32b97917:360284fb:ec0a3034:fa3bc4db\n\n    Update Time : Sun Sep 23 12:13:36 2018\n  Bad Block Log : 512 entries available at offset 72 sectors\n       Checksum : e2d76b3f - correct\n         Events : 58294\n\n\n   Device Role : Active device 0\n   Array State : AA ('A' == active, '.' == missing, 'R' == replacing)\n/dev/sdb6:\n          Magic : a92b4efc\n        Version : 1.2\n    Feature Map : 0x0\n     Array UUID : d1caa66e:095cd84f:ecb540e2:d0e6191b\n           Name : debian:6\n  Creation Time : Sat Apr 21 06:57:45 2012\n     Raid Level : raid1\n   Raid Devices : 2\n\n Avail Dev Size : 134215680 (64.00 GiB 68.72 GB)\n     Array Size : 67107768 (64.00 GiB 68.72 GB)\n  Used Dev Size : 134215536 (64.00 GiB 68.72 GB)\n    Data Offset : 2048 sectors\n   Super Offset : 8 sectors\n   Unused Space : before=1960 sectors, after=144 sectors\n          State : clean\n    Device UUID : 56bfafd2:057a91a8:9b03b0dd:d448b7a3\n\n    Update Time : Sun Sep 23 12:13:36 2018\n  Bad Block Log : 512 entries available at offset 72 sectors\n       Checksum : bc8deebd - correct\n         Events : 58294\n\n\n   Device Role : Active device 1\n   Array State : AA ('A' == active, '.' == missing, 'R' == replacing)\n",
  "Nodes": [
    {
      "Device Name": "/dev/sda1",
      "Magic": "a92b4efc",
      "Version": "0.90.00",
      "UUID": "82ca73c6:644ccaa7:9d4deba6:47ca997f",
      "Creation Time": "Sat Apr 21 06:56:49 2012",
      "Raid Level": "raid1",
      "Used Dev Size": "524224 (511.94 MiB 536.81 MB)",
      "Array Size": "524224 (511.94 MiB 536.81 MB)",
      "Raid Devices": "2",
      "Total Devices": "2",
      "Preferred Minor": "1",
      "Update Time": "Sun Sep 23 08:56:58 2018",
      "State": "clean",
      "Active Devices": "2",
      "Working Devices": "2",
      "Failed Devices": "0",
      "Spare Devices": "0",
      "Checksum": "209cb36e - correct",
      "Events": "5271",
      "Device List": [
        {
          "Ord": "this",
          "Number": "0",
          "Major": "8",
          "Minor": "1",
          "RaidDevice": "0",
          "State": [
            "active",
            "sync"
          ],
          "Device": "/dev/sda1"
        },
        {
          "Ord": "0",
          "Number": "0",
          "Major": "8",
          "Minor": "1",
          "RaidDevice": "0",
          "State": [
            "active",
            "sync"
          ],
          "Device": "/dev/sda1"
        },
        {
          "Ord": "1",
          "Number": "1",
          "Major": "8",
          "Minor": "17",
          "RaidDevice": "1",
          "State": [
            "active",
            "sync"
          ],
          "Device": "/dev/sdb1"
        }
      ]
    },
    {
      "Device Name": "/dev/sdb1",
      "Magic": "a92b4efc",
      "Version": "0.90.00",
      "UUID": "82ca73c6:644ccaa7:9d4deba6:47ca997f",
      "Creation Time": "Sat Apr 21 06:56:49 2012",
      "Raid Level": "raid1",
      "Used Dev Size": "524224 (511.94 MiB 536.81 MB)",
      "Array Size": "524224 (511.94 MiB 536.81 MB)",
      "Raid Devices": "2",
      "Total Devices": "2",
      "Preferred Minor": "1",
      "Update Time": "Sun Sep 23 08:56:58 2018",
      "State": "clean",
      "Active Devices": "2",
      "Working Devices": "2",
      "Failed Devices": "0",
      "Spare Devices": "0",
      "Checksum": "209cb380 - correct",
      "Events": "5271",
      "Device List": [
        {
          "Ord": "this",
          "Number": "1",
          "Major": "8",
          "Minor": "17",
          "RaidDevice": "1",
          "State": [
            "active",
            "sync"
          ],
          "Device": "/dev/sdb1"
        },
        {
          "Ord": "0",
          "Number": "0",
          "Major": "8",
          "Minor": "1",
          "RaidDevice": "0",
          "State": [
            "active",
            "sync"
          ],
          "Device": "/dev/sda1"
        },
        {
          "Ord": "1",
          "Number": "1",
          "Major": "8",
          "Minor": "17",
          "RaidDevice": "1",
          "State": [
            "active",
            "sync"
          ],
          "Device": "/dev/sdb1"
        }
      ]
    },
    {
      "Device Name": "/dev/sda6",
      "Magic": "a92b4efc",
      "Version": "1.2",
      "Feature Map": "0x0",
      "Array UUID": "d1caa66e:095cd84f:ecb540e2:d0e6191b",
      "Name": "debian:6",
      "Creation Time": "Sat Apr 21 06:57:45 2012",
      "Raid Level": "raid1",
      "Raid Devices": "2",
      "Avail Dev Size": "134215680 (64.00 GiB 68.72 GB)",
      "Array Size": "67107768 (64.00 GiB 68.72 GB)",
      "Used Dev Size": "134215536 (64.00 GiB 68.72 GB)",
      "Data Offset": "2048 sectors",
      "Super Offset": "8 sectors",
      "Unused Space": "before=1960 sectors, after=144 sectors",
      "State": "clean",
      "Device UUID": "32b97917:360284fb:ec0a3034:fa3bc4db",
      "Update Time": "Sun Sep 23 12:13:36 2018",
      "Bad Block Log": "512 entries available at offset 72 sectors",
      "Checksum": "e2d76b3f - correct",
      "Events": "58294",
      "Device Role": "Active device 0",
      "Array State": "AA ('A' == active, '.' == missing, 'R' == replacing)"
    },
    {
      "Device Name": "/dev/sdb6",
      "Magic": "a92b4efc",
      "Version": "1.2",
      "Feature Map": "0x0",
      "Array UUID": "d1caa66e:095cd84f:ecb540e2:d0e6191b",
      "Name": "debian:6",
      "Creation Time": "Sat Apr 21 06:57:45 2012",
      "Raid Level": "raid1",
      "Raid Devices": "2",
      "Avail Dev Size": "134215680 (64.00 GiB 68.72 GB)",
      "Array Size": "67107768 (64.00 GiB 68.72 GB)",
      "Used Dev Size": "134215536 (64.00 GiB 68.72 GB)",
      "Data Offset": "2048 sectors",
      "Super Offset": "8 sectors",
      "Unused Space": "before=1960 sectors, after=144 sectors",
      "State": "clean",
      "Device UUID": "56bfafd2:057a91a8:9b03b0dd:d448b7a3",
      "Update Time": "Sun Sep 23 12:13:36 2018",
      "Bad Block Log": "512 entries available at offset 72 sectors",
      "Checksum": "bc8deebd - correct",
      "Events": "58294",
      "Device Role": "Active device 1",
      "Array State": "AA ('A' == active, '.' == missing, 'R' == replacing)"
    }
  ]
}