{
  "report": "/dev/sda1:\n          Magic : a92b4efc\n        Version : 0.90.00\n           UUID : 82ca73c6:644ccaa7:9d4deba6:47ca997f\n  Creation Time : Sat Apr 21 06:56:49 2012\n     Raid Level : raid1\n  Used Dev Size : 524224 (511.94 MiB 536.81 MB)\n     Array Size : 524224 (511.94 MiB 536.81 MB)\n   Raid Devices : 2\n  Total Devices : 2\nPreferred Minor : 1\n\n    Update Time : Sun Sep 23 08:56:58 2018\n          State : clean\n Active Devices : 2\nWorking Devices : 2\n Failed Devices : 0\n  Spare Devices : 0\n       Checksum : 209cb36e - correct\n         Events : 5271\n\n\n      Number   Major   Minor   RaidDevice State\nthis     0       8        1        0      active sync   /dev/sda1\n\n   0     0       8        1        0      active sync   /dev/sda1\n   1     1       8       17        1      active sync   /dev/sdb1\n",
  "nodes": [
    {
      "device_name": "/dev/sda1",
      "magic": "a92b4efc",
      "version": "0.90.00",
      "uuid": "82ca73c6:644ccaa7:9d4deba6:47ca997f",
      "creation_time": "Sat Apr 21 06:56:49 2012",
      "raid_level": "raid1",
      "used_dev_size": "524224 (511.94 MiB 536.81 MB)",
      "array_size": "524224 (511.94 MiB 536.81 MB)",
      "raid_devices": "2",
      "total_devices": "2",
      "preferred_minor": "1",
      "update_time": "Sun Sep 23 08:56:58 2018",
      "state": "clean",
      "active_devices": "2",
      "working_devices": "2",
      "failed_devices": "0",
      "spare_devices": "0",
      "checksum": "209cb36e - correct",
      "events": "5271",
      "device_list": [
        {
          "ord": "this",
          "number": "0",
          "major": "8",
          "minor": "1",
          "raid_device": "0",
          "state": [
            "active",
            "sync"
          ],
          "device": "/dev/sda1"
        },
        {
          "ord": "0",
          "number": "0",
          "major": "8",
          "minor": "1",
          "raid_device": "0",
          "state": [
            "active",
            "sync"
          ],
          "device": "/dev/sda1"
        },
        {
          "ord": "1",
          "number": "1",
          "major": "8",
          "minor": "17",
          "raid_device": "1",
          "state": [
            "active",
            "sync"
          ],
          "device": "/dev/sdb1"
        }
      ]
    }
  ]
}
